[backblue.gif]
[fade.gif]
[index.html]
[127.0.0.1_8000/static/images/favicons/apple-touch-icon.png]
[127.0.0.1_8000/static/images/favicons/favicon-32x32.png]
[127.0.0.1_8000/static/images/favicons/favicon-16x16.png]
[127.0.0.1_8000/static/images/favicons/site.webmanifest]
[cdnjs.cloudflare.com/ajax/libs/bootstrap/5.1.3/css/bootstrap.min.css]
[127.0.0.1_8000/static/js/project.js]
[cdnjs.cloudflare.com/ajax/libs/bootstrap/5.1.3/js/bootstrap.bundle.min.js]
[127.0.0.1_8000/static/images/logo/logo_white.png]
[127.0.0.1_8000/static/images/logo/logo_blue.png]
[127.0.0.1_8000/static/images/sponsors/platformsh.png]
[127.0.0.1_8000/static/images/sponsors/sendcloud.png]
[127.0.0.1_8000/static/images/sponsors/octopus.png]
[127.0.0.1_8000/static/images/sponsors/checksec.png]
[127.0.0.1_8000/static/images/sponsors/prorenata.png]
[127.0.0.1_8000/static/images/sponsors/maykin.png]
[127.0.0.1_8000/static/images/sponsors/foxley.png]
[127.0.0.1_8000/static/images/sponsors/monit.png]
[127.0.0.1_8000/static/images/sponsors/sfu.png]
[127.0.0.1_8000/static/images/sponsors/dsf.png]
[127.0.0.1_8000/static/images/sponsors/eps.png]
[127.0.0.1_8000/static/images/sponsors/psf.png]
[127.0.0.1_8000/static/images/sponsors/cmp.png]
[127.0.0.1_8000/static/images/sponsors/fcup.png]
[127.0.0.1_8000/static/images/sponsors/dcc.png]
[127.0.0.1_8000/static/images/sponsors/visitportugal.png]
[127.0.0.1_8000/static/images/sponsors/portoenorte.png]
[127.0.0.1_8000/static/images/sponsors/pcb.png]
[127.0.0.1_8000/static/images/sponsors/readthedocs.png]
[127.0.0.1_8000/static/images/sponsors/djangodk.png]
[127.0.0.1_8000/static/images/sponsors/djangosocial.png]
[127.0.0.1_8000/static/docs/tap.pdf]
[127.0.0.1_8000/static/images/sponsors/evolutio.png]
[127.0.0.1_8000/index.html]
[127.0.0.1_8000/home/index.html]
[127.0.0.1_8000/static/debug_toolbar/js/toolbar.js]
[127.0.0.1_8000/talks/cfp/index.html]
[127.0.0.1_8000/talks/selection_process/index.html]
[127.0.0.1_8000/talks/schedule/index.html]
[127.0.0.1_8000/information/porto/index.html]
[127.0.0.1_8000/static/images/other/super_bock_arena_logo.png]
[127.0.0.1_8000/static/images/other/jardins_palacio_cristal.jpg]
[127.0.0.1_8000/information/venue/index.html]
[127.0.0.1_8000/information/grants/index.html]
[127.0.0.1_8000/information/sprints/index.html]
[127.0.0.1_8000/static/images/hotels/ms.png]
[127.0.0.1_8000/static/images/hotels/premium.png]
[127.0.0.1_8000/static/images/hotels/legendary.png]
[127.0.0.1_8000/static/images/hotels/vilafoz.png]
[127.0.0.1_8000/static/images/hotels/monumental.png]
[127.0.0.1_8000/static/images/hotels/hf.png]
[127.0.0.1_8000/static/images/hotels/yotel.png]
[127.0.0.1_8000/static/images/hotels/sheraton.png]
[127.0.0.1_8000/static/images/hotels/gallery.png]
[127.0.0.1_8000/static/images/hotels/vinhaboutique.png]
[127.0.0.1_8000/static/images/hotels/infantesagres.png]
[127.0.0.1_8000/static/images/hotels/torel.png]
[127.0.0.1_8000/static/images/hotels/nh.png]
[127.0.0.1_8000/static/images/hotels/pestana.png]
[127.0.0.1_8000/static/images/hotels/vilagale.png]
[127.0.0.1_8000/static/images/hotels/eurostars.png]
[127.0.0.1_8000/static/images/hotels/neya.png]
[127.0.0.1_8000/information/hospitality/index.html]
[127.0.0.1_8000/information/social_events/index.html]
[127.0.0.1_8000/information/tshirts/index.html]
[127.0.0.1_8000/information/announcements/index.html]
[127.0.0.1_8000/sponsors/sponsors/index.html]
[127.0.0.1_8000/sponsors/supporters/index.html]
[127.0.0.1_8000/sponsors/jobs/index.html]
[127.0.0.1_8000/sponsors/sponsorship/index.html]
[127.0.0.1_8000/conduct/code_of_conduct/index.html]
[127.0.0.1_8000/conduct/response_guide/index.html]
[127.0.0.1_8000/conduct/privacy_guide/index.html]
[127.0.0.1_8000/static/images/other/boatride.jpg]
[127.0.0.1_8000/tickets/index.html]
[127.0.0.1_8000/about/contact/index.html]
[127.0.0.1_8000/about/credits/index.html]
[cdnjs.cloudflare.com/ajax/libs/bootstrap/5.1.3/css/bootstrap.min.css]
[127.0.0.1_8000/static/images/logo/logo_white.png]
[127.0.0.1_8000/static/css/project.min.css]
[127.0.0.1_8000/static/images/logo/logo_blue.png]
[127.0.0.1_8000/static/images/sponsors/platformsh.png]
[127.0.0.1_8000/static/images/sponsors/sendcloud.png]
[127.0.0.1_8000/talks/cfp/index.html]
[127.0.0.1_8000/static/images/sponsors/checksec.png]
[127.0.0.1_8000/static/images/sponsors/octopus.png]
[127.0.0.1_8000/static/images/sponsors/kolo.svg]
[127.0.0.1_8000/static/images/sponsors/prorenata.png]
[127.0.0.1_8000/static/images/sponsors/maykin.png]
[127.0.0.1_8000/static/images/sponsors/silvr.svg]
[127.0.0.1_8000/static/images/sponsors/foxley.png]
[127.0.0.1_8000/static/images/sponsors/monit.png]
[127.0.0.1_8000/static/images/sponsors/sentry.svg]
[127.0.0.1_8000/static/images/sponsors/sfu.png]
[127.0.0.1_8000/static/images/sponsors/dsf.png]
[127.0.0.1_8000/static/images/sponsors/SaltPay_Logo_Purple.svg]
[127.0.0.1_8000/static/images/sponsors/eps.png]
[127.0.0.1_8000/static/images/sponsors/psf.png]
[127.0.0.1_8000/static/images/sponsors/ambient.svg]
[127.0.0.1_8000/static/images/sponsors/cmp.png]
[127.0.0.1_8000/static/images/sponsors/fcup.png]
[127.0.0.1_8000/static/images/sponsors/simple_poll.svg]
[127.0.0.1_8000/static/images/sponsors/dcc.png]
[127.0.0.1_8000/static/images/sponsors/visitportugal.png]
[127.0.0.1_8000/static/images/sponsors/torchbox.svg]
[127.0.0.1_8000/static/images/sponsors/readthedocs.png]
[127.0.0.1_8000/static/images/sponsors/djangodk.png]
[127.0.0.1_8000/static/images/sponsors/ip.svg]
[127.0.0.1_8000/static/images/sponsors/evolutio.png]
[127.0.0.1_8000/static/debug_toolbar/js/toolbar.js]
[127.0.0.1_8000/static/images/sponsors/tap.svg]
[127.0.0.1_8000/static/images/other/super_bock_arena_logo.png]
[127.0.0.1_8000/static/images/other/jardins_palacio_cristal.jpg]
[127.0.0.1_8000/static/images/external_logo/logo_twitter.svg]
[127.0.0.1_8000/static/images/hotels/ms.png]
[127.0.0.1_8000/static/images/hotels/premium.png]
[127.0.0.1_8000/static/images/external_logo/logo_slack.svg]
[127.0.0.1_8000/static/images/hotels/legendary.png]
[127.0.0.1_8000/static/images/hotels/vilafoz.png]
[127.0.0.1_8000/static/images/external_logo/logo_youtube.svg]
[127.0.0.1_8000/static/images/hotels/monumental.png]
[127.0.0.1_8000/static/images/hotels/hf.png]
[127.0.0.1_8000/static/images/external_logo/logo_linkedin.svg]
[127.0.0.1_8000/static/images/hotels/yotel.png]
[127.0.0.1_8000/static/images/hotels/sheraton.png]
[127.0.0.1_8000/static/images/external_logo/logo_github.svg]
[127.0.0.1_8000/static/images/hotels/gallery.png]
[127.0.0.1_8000/static/debug_toolbar/css/print.css]
[127.0.0.1_8000/static/images/hotels/vinhaboutique.png]
[127.0.0.1_8000/static/debug_toolbar/css/toolbar.css]
[127.0.0.1_8000/static/images/hotels/infantesagres.png]
[127.0.0.1_8000/static/images/hotels/torel.png]
[127.0.0.1_8000/static/images/other/pretalx.svg]
[127.0.0.1_8000/static/images/hotels/nh.png]
[127.0.0.1_8000/static/images/sponsors/venueless.svg]
[127.0.0.1_8000/static/images/hotels/pestana.png]
[127.0.0.1_8000/static/images/other/pretix.svg]
